Archive member included because of file (symbol)

g:/atmel toolchain/avr8 gcc/native/3.4.2.1002/avr8-gnu-toolchain/bin/../lib/gcc/avr/4.7.2/avr5\libgcc.a(_exit.o)
                              g:/atmel toolchain/avr8 gcc/native/3.4.2.1002/avr8-gnu-toolchain/bin/../lib/gcc/avr/4.7.2/../../../../avr/lib/avr5/crtm32.o (exit)
g:/atmel toolchain/avr8 gcc/native/3.4.2.1002/avr8-gnu-toolchain/bin/../lib/gcc/avr/4.7.2/avr5\libgcc.a(_clear_bss.o)
                              MCAL/TIMER0/TIMER0.o (__do_clear_bss)

Discarded input sections

 .bss           0x00000000        0x0 g:/atmel toolchain/avr8 gcc/native/3.4.2.1002/avr8-gnu-toolchain/bin/../lib/gcc/avr/4.7.2/../../../../avr/lib/avr5/crtm32.o
 .text          0x00000000        0x0 Drivers_template.o
 .bss           0x00000000        0x0 Drivers_template.o
 .text          0x00000000        0x0 HAL/keypad/keypad.o
 .bss           0x00000000        0x0 HAL/keypad/keypad.o
 .text.KeypadInit
                0x00000000        0x2 HAL/keypad/keypad.o
 .text.KeypadRead
                0x00000000        0x4 HAL/keypad/keypad.o
 .text          0x00000000        0x0 HAL/LCD/LCD.o
 .bss           0x00000000        0x0 HAL/LCD/LCD.o
 .text.LCD_init
                0x00000000        0x2 HAL/LCD/LCD.o
 .text.LCD_writeData
                0x00000000        0x2 HAL/LCD/LCD.o
 .text.LCD_writeCmd
                0x00000000        0x2 HAL/LCD/LCD.o
 .text.LCD_writeString
                0x00000000        0x2 HAL/LCD/LCD.o
 .text.LCD_goTo
                0x00000000        0x2 HAL/LCD/LCD.o
 .text.LCD_Clear
                0x00000000        0x2 HAL/LCD/LCD.o
 .text          0x00000000        0x0 MCAL/ADC/ADC.o
 .bss           0x00000000        0x0 MCAL/ADC/ADC.o
 .text.ADC_init
                0x00000000        0x2 MCAL/ADC/ADC.o
 .text.ADC_startConversion
                0x00000000        0x2 MCAL/ADC/ADC.o
 .text.ADC_getVoltage_mv
                0x00000000        0x2 MCAL/ADC/ADC.o
 .text          0x00000000        0x0 MCAL/DIO/DIO.o
 .bss           0x00000000        0x0 MCAL/DIO/DIO.o
 .text.Dio_ReadChannel
                0x00000000        0x4 MCAL/DIO/DIO.o
 .text.Dio_WriteChannel
                0x00000000        0x2 MCAL/DIO/DIO.o
 .text.Dio_ReadPort
                0x00000000        0x4 MCAL/DIO/DIO.o
 .text.Dio_WritePort
                0x00000000        0x2 MCAL/DIO/DIO.o
 .text.Dio_FlipChannel
                0x00000000        0x2 MCAL/DIO/DIO.o
 .text.Dio_FlipPort
                0x00000000        0x2 MCAL/DIO/DIO.o
 .text          0x00000000        0x0 MCAL/PORT_DRIVER/PORT.o
 .bss           0x00000000        0x0 MCAL/PORT_DRIVER/PORT.o
 .text.PORT_init
                0x00000000       0x1a MCAL/PORT_DRIVER/PORT.o
 .text          0x00000000        0x0 MCAL/TIMER0/TIMER0.o
 .bss           0x00000000        0x0 MCAL/TIMER0/TIMER0.o
 .text.TIMER0_init
                0x00000000        0x2 MCAL/TIMER0/TIMER0.o
 .text.TIMER0_delay
                0x00000000        0x2 MCAL/TIMER0/TIMER0.o
 .bss.OutputCompare_Counter
                0x00000000        0x2 MCAL/TIMER0/TIMER0.o
 .bss.Timer_Ticks
                0x00000000        0x2 MCAL/TIMER0/TIMER0.o
 .text          0x00000000        0x0 MCAL/UART/UART.o
 .bss           0x00000000        0x0 MCAL/UART/UART.o
 .text.UART_init
                0x00000000        0x2 MCAL/UART/UART.o
 .text.UART_sendMsg
                0x00000000        0x4 MCAL/UART/UART.o
 .text.UART_getReceiveMsg
                0x00000000        0x2 MCAL/UART/UART.o
 .text          0x00000000        0x0 g:/atmel toolchain/avr8 gcc/native/3.4.2.1002/avr8-gnu-toolchain/bin/../lib/gcc/avr/4.7.2/avr5\libgcc.a(_exit.o)
 .bss           0x00000000        0x0 g:/atmel toolchain/avr8 gcc/native/3.4.2.1002/avr8-gnu-toolchain/bin/../lib/gcc/avr/4.7.2/avr5\libgcc.a(_exit.o)
 .text.libgcc.mul
                0x00000000        0x0 g:/atmel toolchain/avr8 gcc/native/3.4.2.1002/avr8-gnu-toolchain/bin/../lib/gcc/avr/4.7.2/avr5\libgcc.a(_exit.o)
 .text.libgcc.div
                0x00000000        0x0 g:/atmel toolchain/avr8 gcc/native/3.4.2.1002/avr8-gnu-toolchain/bin/../lib/gcc/avr/4.7.2/avr5\libgcc.a(_exit.o)
 .text.libgcc   0x00000000        0x0 g:/atmel toolchain/avr8 gcc/native/3.4.2.1002/avr8-gnu-toolchain/bin/../lib/gcc/avr/4.7.2/avr5\libgcc.a(_exit.o)
 .text.libgcc.prologue
                0x00000000        0x0 g:/atmel toolchain/avr8 gcc/native/3.4.2.1002/avr8-gnu-toolchain/bin/../lib/gcc/avr/4.7.2/avr5\libgcc.a(_exit.o)
 .text.libgcc.builtins
                0x00000000        0x0 g:/atmel toolchain/avr8 gcc/native/3.4.2.1002/avr8-gnu-toolchain/bin/../lib/gcc/avr/4.7.2/avr5\libgcc.a(_exit.o)
 .text.libgcc.fmul
                0x00000000        0x0 g:/atmel toolchain/avr8 gcc/native/3.4.2.1002/avr8-gnu-toolchain/bin/../lib/gcc/avr/4.7.2/avr5\libgcc.a(_exit.o)
 .text          0x00000000        0x0 g:/atmel toolchain/avr8 gcc/native/3.4.2.1002/avr8-gnu-toolchain/bin/../lib/gcc/avr/4.7.2/avr5\libgcc.a(_clear_bss.o)
 .bss           0x00000000        0x0 g:/atmel toolchain/avr8 gcc/native/3.4.2.1002/avr8-gnu-toolchain/bin/../lib/gcc/avr/4.7.2/avr5\libgcc.a(_clear_bss.o)
 .text.libgcc.mul
                0x00000000        0x0 g:/atmel toolchain/avr8 gcc/native/3.4.2.1002/avr8-gnu-toolchain/bin/../lib/gcc/avr/4.7.2/avr5\libgcc.a(_clear_bss.o)
 .text.libgcc.div
                0x00000000        0x0 g:/atmel toolchain/avr8 gcc/native/3.4.2.1002/avr8-gnu-toolchain/bin/../lib/gcc/avr/4.7.2/avr5\libgcc.a(_clear_bss.o)
 .text.libgcc   0x00000000        0x0 g:/atmel toolchain/avr8 gcc/native/3.4.2.1002/avr8-gnu-toolchain/bin/../lib/gcc/avr/4.7.2/avr5\libgcc.a(_clear_bss.o)
 .text.libgcc.prologue
                0x00000000        0x0 g:/atmel toolchain/avr8 gcc/native/3.4.2.1002/avr8-gnu-toolchain/bin/../lib/gcc/avr/4.7.2/avr5\libgcc.a(_clear_bss.o)
 .text.libgcc.builtins
                0x00000000        0x0 g:/atmel toolchain/avr8 gcc/native/3.4.2.1002/avr8-gnu-toolchain/bin/../lib/gcc/avr/4.7.2/avr5\libgcc.a(_clear_bss.o)
 .text.libgcc.fmul
                0x00000000        0x0 g:/atmel toolchain/avr8 gcc/native/3.4.2.1002/avr8-gnu-toolchain/bin/../lib/gcc/avr/4.7.2/avr5\libgcc.a(_clear_bss.o)

Memory Configuration

Name             Origin             Length             Attributes
text             0x00000000         0x00020000         xr
data             0x00800060         0x0000ffa0         rw !x
eeprom           0x00810000         0x00010000         rw !x
fuse             0x00820000         0x00000400         rw !x
lock             0x00830000         0x00000400         rw !x
signature        0x00840000         0x00000400         rw !x
user_signatures  0x00850000         0x00000400         rw !x
*default*        0x00000000         0xffffffff

Linker script and memory map

LOAD g:/atmel toolchain/avr8 gcc/native/3.4.2.1002/avr8-gnu-toolchain/bin/../lib/gcc/avr/4.7.2/../../../../avr/lib/avr5/crtm32.o
LOAD Drivers_template.o
LOAD HAL/keypad/keypad.o
LOAD HAL/LCD/LCD.o
LOAD MCAL/ADC/ADC.o
LOAD MCAL/DIO/DIO.o
LOAD MCAL/PORT_DRIVER/PORT.o
LOAD MCAL/TIMER0/TIMER0.o
LOAD MCAL/UART/UART.o
START GROUP
LOAD g:/atmel toolchain/avr8 gcc/native/3.4.2.1002/avr8-gnu-toolchain/bin/../lib/gcc/avr/4.7.2/../../../../avr/lib/avr5\libm.a
END GROUP
LOAD g:/atmel toolchain/avr8 gcc/native/3.4.2.1002/avr8-gnu-toolchain/bin/../lib/gcc/avr/4.7.2/avr5\libgcc.a
LOAD g:/atmel toolchain/avr8 gcc/native/3.4.2.1002/avr8-gnu-toolchain/bin/../lib/gcc/avr/4.7.2/../../../../avr/lib/avr5\libc.a
LOAD g:/atmel toolchain/avr8 gcc/native/3.4.2.1002/avr8-gnu-toolchain/bin/../lib/gcc/avr/4.7.2/avr5\libgcc.a

.hash
 *(.hash)

.dynsym
 *(.dynsym)

.dynstr
 *(.dynstr)

.gnu.version
 *(.gnu.version)

.gnu.version_d
 *(.gnu.version_d)

.gnu.version_r
 *(.gnu.version_r)

.rel.init
 *(.rel.init)

.rela.init
 *(.rela.init)

.rel.text
 *(.rel.text)
 *(.rel.text.*)
 *(.rel.gnu.linkonce.t*)

.rela.text
 *(.rela.text)
 *(.rela.text.*)
 *(.rela.gnu.linkonce.t*)

.rel.fini
 *(.rel.fini)

.rela.fini
 *(.rela.fini)

.rel.rodata
 *(.rel.rodata)
 *(.rel.rodata.*)
 *(.rel.gnu.linkonce.r*)

.rela.rodata
 *(.rela.rodata)
 *(.rela.rodata.*)
 *(.rela.gnu.linkonce.r*)

.rel.data
 *(.rel.data)
 *(.rel.data.*)
 *(.rel.gnu.linkonce.d*)

.rela.data
 *(.rela.data)
 *(.rela.data.*)
 *(.rela.gnu.linkonce.d*)

.rel.ctors
 *(.rel.ctors)

.rela.ctors
 *(.rela.ctors)

.rel.dtors
 *(.rel.dtors)

.rela.dtors
 *(.rela.dtors)

.rel.got
 *(.rel.got)

.rela.got
 *(.rela.got)

.rel.bss
 *(.rel.bss)

.rela.bss
 *(.rela.bss)

.rel.plt
 *(.rel.plt)

.rela.plt
 *(.rela.plt)

.text           0x00000000       0xaa
 *(.vectors)
 .vectors       0x00000000       0x54 g:/atmel toolchain/avr8 gcc/native/3.4.2.1002/avr8-gnu-toolchain/bin/../lib/gcc/avr/4.7.2/../../../../avr/lib/avr5/crtm32.o
                0x00000000                __vector_default
                0x00000000                __vectors
 *(.vectors)
 *(.progmem.gcc*)
 *(.progmem*)
                0x00000054                . = ALIGN (0x2)
                0x00000054                __trampolines_start = .
 *(.trampolines)
 .trampolines   0x00000054        0x0 linker stubs
 *(.trampolines*)
                0x00000054                __trampolines_end = .
 *(.jumptables)
 *(.jumptables*)
 *(.lowtext)
 *(.lowtext*)
                0x00000054                __ctors_start = .
 *(.ctors)
                0x00000054                __ctors_end = .
                0x00000054                __dtors_start = .
 *(.dtors)
                0x00000054                __dtors_end = .
 SORT(*)(.ctors)
 SORT(*)(.dtors)
 *(.init0)
 .init0         0x00000054        0x0 g:/atmel toolchain/avr8 gcc/native/3.4.2.1002/avr8-gnu-toolchain/bin/../lib/gcc/avr/4.7.2/../../../../avr/lib/avr5/crtm32.o
                0x00000054                __init
 *(.init0)
 *(.init1)
 *(.init1)
 *(.init2)
 .init2         0x00000054        0xc g:/atmel toolchain/avr8 gcc/native/3.4.2.1002/avr8-gnu-toolchain/bin/../lib/gcc/avr/4.7.2/../../../../avr/lib/avr5/crtm32.o
 *(.init2)
 *(.init3)
 *(.init3)
 *(.init4)
 .init4         0x00000060       0x10 g:/atmel toolchain/avr8 gcc/native/3.4.2.1002/avr8-gnu-toolchain/bin/../lib/gcc/avr/4.7.2/avr5\libgcc.a(_clear_bss.o)
                0x00000060                __do_clear_bss
 *(.init4)
 *(.init5)
 *(.init5)
 *(.init6)
 *(.init6)
 *(.init7)
 *(.init7)
 *(.init8)
 *(.init8)
 *(.init9)
 .init9         0x00000070        0x8 g:/atmel toolchain/avr8 gcc/native/3.4.2.1002/avr8-gnu-toolchain/bin/../lib/gcc/avr/4.7.2/../../../../avr/lib/avr5/crtm32.o
 *(.init9)
 *(.text)
 .text          0x00000078        0x4 g:/atmel toolchain/avr8 gcc/native/3.4.2.1002/avr8-gnu-toolchain/bin/../lib/gcc/avr/4.7.2/../../../../avr/lib/avr5/crtm32.o
                0x00000078                __vector_1
                0x00000078                __vector_12
                0x00000078                __bad_interrupt
                0x00000078                __vector_6
                0x00000078                __vector_3
                0x00000078                __vector_13
                0x00000078                __vector_17
                0x00000078                __vector_19
                0x00000078                __vector_7
                0x00000078                __vector_5
                0x00000078                __vector_4
                0x00000078                __vector_9
                0x00000078                __vector_2
                0x00000078                __vector_15
                0x00000078                __vector_8
                0x00000078                __vector_14
                0x00000078                __vector_16
                0x00000078                __vector_18
                0x00000078                __vector_20
                0x0000007c                . = ALIGN (0x2)
 *(.text.*)
 .text.main     0x0000007c        0x2 Drivers_template.o
                0x0000007c                main
 .text.__vector_11
                0x0000007e       0x14 MCAL/TIMER0/TIMER0.o
                0x0000007e                __vector_11
 .text.__vector_10
                0x00000092       0x14 MCAL/TIMER0/TIMER0.o
                0x00000092                __vector_10
                0x000000a6                . = ALIGN (0x2)
 *(.fini9)
 .fini9         0x000000a6        0x0 g:/atmel toolchain/avr8 gcc/native/3.4.2.1002/avr8-gnu-toolchain/bin/../lib/gcc/avr/4.7.2/avr5\libgcc.a(_exit.o)
                0x000000a6                _exit
                0x000000a6                exit
 *(.fini9)
 *(.fini8)
 *(.fini8)
 *(.fini7)
 *(.fini7)
 *(.fini6)
 *(.fini6)
 *(.fini5)
 *(.fini5)
 *(.fini4)
 *(.fini4)
 *(.fini3)
 *(.fini3)
 *(.fini2)
 *(.fini2)
 *(.fini1)
 *(.fini1)
 *(.fini0)
 .fini0         0x000000a6        0x4 g:/atmel toolchain/avr8 gcc/native/3.4.2.1002/avr8-gnu-toolchain/bin/../lib/gcc/avr/4.7.2/avr5\libgcc.a(_exit.o)
 *(.fini0)
                0x000000aa                _etext = .

.data           0x00800060        0x0 load address 0x000000aa
                0x00800060                PROVIDE (__data_start, .)
 *(.data)
 .data          0x00800060        0x0 g:/atmel toolchain/avr8 gcc/native/3.4.2.1002/avr8-gnu-toolchain/bin/../lib/gcc/avr/4.7.2/../../../../avr/lib/avr5/crtm32.o
 .data          0x00800060        0x0 Drivers_template.o
 .data          0x00800060        0x0 HAL/keypad/keypad.o
 .data          0x00800060        0x0 HAL/LCD/LCD.o
 .data          0x00800060        0x0 MCAL/ADC/ADC.o
 .data          0x00800060        0x0 MCAL/DIO/DIO.o
 .data          0x00800060        0x0 MCAL/PORT_DRIVER/PORT.o
 .data          0x00800060        0x0 MCAL/TIMER0/TIMER0.o
 .data          0x00800060        0x0 MCAL/UART/UART.o
 .data          0x00800060        0x0 g:/atmel toolchain/avr8 gcc/native/3.4.2.1002/avr8-gnu-toolchain/bin/../lib/gcc/avr/4.7.2/avr5\libgcc.a(_exit.o)
 .data          0x00800060        0x0 g:/atmel toolchain/avr8 gcc/native/3.4.2.1002/avr8-gnu-toolchain/bin/../lib/gcc/avr/4.7.2/avr5\libgcc.a(_clear_bss.o)
 *(.data*)
 *(.rodata)
 *(.rodata*)
 *(.gnu.linkonce.d*)
                0x00800060                . = ALIGN (0x2)
                0x00800060                _edata = .
                0x00800060                PROVIDE (__data_end, .)

.bss            0x00800060        0x0
                0x00800060                PROVIDE (__bss_start, .)
 *(.bss)
 *(.bss*)
 *(COMMON)
                0x00800060                PROVIDE (__bss_end, .)
                0x000000aa                __data_load_start = LOADADDR (.data)
                0x000000aa                __data_load_end = (__data_load_start + SIZEOF (.data))

.noinit         0x00800060        0x0
                0x00800060                PROVIDE (__noinit_start, .)
 *(.noinit*)
                0x00800060                PROVIDE (__noinit_end, .)
                0x00800060                _end = .
                0x00800060                PROVIDE (__heap_start, .)

.eeprom         0x00810000        0x0
 *(.eeprom*)
                0x00810000                __eeprom_end = .

.fuse
 *(.fuse)
 *(.lfuse)
 *(.hfuse)
 *(.efuse)

.lock
 *(.lock*)

.signature
 *(.signature*)

.user_signatures
 *(.user_signatures*)

.stab           0x00000000      0x6cc
 *(.stab)
 .stab          0x00000000      0x6cc g:/atmel toolchain/avr8 gcc/native/3.4.2.1002/avr8-gnu-toolchain/bin/../lib/gcc/avr/4.7.2/../../../../avr/lib/avr5/crtm32.o

.stabstr        0x00000000       0x97
 *(.stabstr)
 .stabstr       0x00000000       0x97 g:/atmel toolchain/avr8 gcc/native/3.4.2.1002/avr8-gnu-toolchain/bin/../lib/gcc/avr/4.7.2/../../../../avr/lib/avr5/crtm32.o

.stab.excl
 *(.stab.excl)

.stab.exclstr
 *(.stab.exclstr)

.stab.index
 *(.stab.index)

.stab.indexstr
 *(.stab.indexstr)

.comment        0x00000000       0x2f
 *(.comment)
 .comment       0x00000000       0x2f Drivers_template.o
                                 0x30 (size before relaxing)
 .comment       0x00000000       0x30 HAL/keypad/keypad.o
 .comment       0x00000000       0x30 HAL/LCD/LCD.o
 .comment       0x00000000       0x30 MCAL/ADC/ADC.o
 .comment       0x00000000       0x30 MCAL/DIO/DIO.o
 .comment       0x00000000       0x30 MCAL/PORT_DRIVER/PORT.o
 .comment       0x00000000       0x30 MCAL/TIMER0/TIMER0.o
 .comment       0x00000000       0x30 MCAL/UART/UART.o

.debug
 *(.debug)

.line
 *(.line)

.debug_srcinfo
 *(.debug_srcinfo)

.debug_sfnames
 *(.debug_sfnames)

.debug_aranges  0x00000000      0x190
 *(.debug_aranges)
 .debug_aranges
                0x00000000       0x20 Drivers_template.o
 .debug_aranges
                0x00000020       0x28 HAL/keypad/keypad.o
 .debug_aranges
                0x00000048       0x48 HAL/LCD/LCD.o
 .debug_aranges
                0x00000090       0x30 MCAL/ADC/ADC.o
 .debug_aranges
                0x000000c0       0x48 MCAL/DIO/DIO.o
 .debug_aranges
                0x00000108       0x20 MCAL/PORT_DRIVER/PORT.o
 .debug_aranges
                0x00000128       0x38 MCAL/TIMER0/TIMER0.o
 .debug_aranges
                0x00000160       0x30 MCAL/UART/UART.o

.debug_pubnames
 *(.debug_pubnames)

.debug_info     0x00000000      0xcf7
 *(.debug_info)
 .debug_info    0x00000000       0x7c Drivers_template.o
 .debug_info    0x0000007c       0xec HAL/keypad/keypad.o
 .debug_info    0x00000168      0x180 HAL/LCD/LCD.o
 .debug_info    0x000002e8      0x11e MCAL/ADC/ADC.o
 .debug_info    0x00000406      0x312 MCAL/DIO/DIO.o
 .debug_info    0x00000718      0x2fe MCAL/PORT_DRIVER/PORT.o
 .debug_info    0x00000a16      0x118 MCAL/TIMER0/TIMER0.o
 .debug_info    0x00000b2e      0x1c9 MCAL/UART/UART.o
 *(.gnu.linkonce.wi.*)

.debug_abbrev   0x00000000      0x576
 *(.debug_abbrev)
 .debug_abbrev  0x00000000       0x46 Drivers_template.o
 .debug_abbrev  0x00000046       0xa6 HAL/keypad/keypad.o
 .debug_abbrev  0x000000ec       0x92 HAL/LCD/LCD.o
 .debug_abbrev  0x0000017e       0xaa MCAL/ADC/ADC.o
 .debug_abbrev  0x00000228       0xec MCAL/DIO/DIO.o
 .debug_abbrev  0x00000314       0xb2 MCAL/PORT_DRIVER/PORT.o
 .debug_abbrev  0x000003c6       0xa8 MCAL/TIMER0/TIMER0.o
 .debug_abbrev  0x0000046e      0x108 MCAL/UART/UART.o

.debug_line     0x00000000      0x47a
 *(.debug_line)
 .debug_line    0x00000000       0x44 Drivers_template.o
 .debug_line    0x00000044       0x7c HAL/keypad/keypad.o
 .debug_line    0x000000c0       0xb2 HAL/LCD/LCD.o
 .debug_line    0x00000172       0x93 MCAL/ADC/ADC.o
 .debug_line    0x00000205       0xc4 MCAL/DIO/DIO.o
 .debug_line    0x000002c9       0x8a MCAL/PORT_DRIVER/PORT.o
 .debug_line    0x00000353       0x9f MCAL/TIMER0/TIMER0.o
 .debug_line    0x000003f2       0x88 MCAL/UART/UART.o

.debug_frame    0x00000000      0x258
 *(.debug_frame)
 .debug_frame   0x00000000       0x24 Drivers_template.o
 .debug_frame   0x00000024       0x34 HAL/keypad/keypad.o
 .debug_frame   0x00000058       0x74 HAL/LCD/LCD.o
 .debug_frame   0x000000cc       0x44 MCAL/ADC/ADC.o
 .debug_frame   0x00000110       0x74 MCAL/DIO/DIO.o
 .debug_frame   0x00000184       0x24 MCAL/PORT_DRIVER/PORT.o
 .debug_frame   0x000001a8       0x6c MCAL/TIMER0/TIMER0.o
 .debug_frame   0x00000214       0x44 MCAL/UART/UART.o

.debug_str      0x00000000      0x80c
 *(.debug_str)
 .debug_str     0x00000000       0x9f Drivers_template.o
                                 0xd3 (size before relaxing)
 .debug_str     0x0000009f       0x7a HAL/keypad/keypad.o
                                 0xfe (size before relaxing)
 .debug_str     0x00000119       0x58 HAL/LCD/LCD.o
                                0x13c (size before relaxing)
 .debug_str     0x00000171       0xc8 MCAL/ADC/ADC.o
                                0x1a9 (size before relaxing)
 .debug_str     0x00000239      0x2d5 MCAL/DIO/DIO.o
                                0x382 (size before relaxing)
 .debug_str     0x0000050e      0x195 MCAL/PORT_DRIVER/PORT.o
                                0x24b (size before relaxing)
 .debug_str     0x000006a3       0x78 MCAL/TIMER0/TIMER0.o
                                0x158 (size before relaxing)
 .debug_str     0x0000071b       0xf1 MCAL/UART/UART.o
                                0x1d9 (size before relaxing)

.debug_loc      0x00000000      0x114
 *(.debug_loc)
 .debug_loc     0x00000000       0x90 MCAL/DIO/DIO.o
 .debug_loc     0x00000090       0x5e MCAL/TIMER0/TIMER0.o
 .debug_loc     0x000000ee       0x26 MCAL/UART/UART.o

.debug_macinfo
 *(.debug_macinfo)

.debug_pubtypes
 *(.debug_pubtypes)

.debug_ranges   0x00000000      0x110
 *(.debug_ranges)
 .debug_ranges  0x00000000       0x10 Drivers_template.o
 .debug_ranges  0x00000010       0x18 HAL/keypad/keypad.o
 .debug_ranges  0x00000028       0x38 HAL/LCD/LCD.o
 .debug_ranges  0x00000060       0x20 MCAL/ADC/ADC.o
 .debug_ranges  0x00000080       0x38 MCAL/DIO/DIO.o
 .debug_ranges  0x000000b8       0x10 MCAL/PORT_DRIVER/PORT.o
 .debug_ranges  0x000000c8       0x28 MCAL/TIMER0/TIMER0.o
 .debug_ranges  0x000000f0       0x20 MCAL/UART/UART.o

.debug_macro
 *(.debug_macro)
OUTPUT(Drivers_template.elf elf32-avr)
LOAD linker stubs
